Archive member included to satisfy reference by file (symbol)

/usr/lib/gcc/arm-none-eabi/14.2.1/../../../arm-none-eabi/lib/thumb/v7e-m+fp/hard/libc_nano.a(libc_a-sprintf.o)
                              ./Output/main.o (sprintf)
/usr/lib/gcc/arm-none-eabi/14.2.1/../../../arm-none-eabi/lib/thumb/v7e-m+fp/hard/libc_nano.a(libc_a-nano-svfprintf.o)
                              /usr/lib/gcc/arm-none-eabi/14.2.1/../../../arm-none-eabi/lib/thumb/v7e-m+fp/hard/libc_nano.a(libc_a-sprintf.o) (_svfprintf_r)
/usr/lib/gcc/arm-none-eabi/14.2.1/../../../arm-none-eabi/lib/thumb/v7e-m+fp/hard/libc_nano.a(libc_a-memset.o)
                              ./Output/tasks.o (memset)
/usr/lib/gcc/arm-none-eabi/14.2.1/../../../arm-none-eabi/lib/thumb/v7e-m+fp/hard/libc_nano.a(libc_a-mallocr.o)
                              /usr/lib/gcc/arm-none-eabi/14.2.1/../../../arm-none-eabi/lib/thumb/v7e-m+fp/hard/libc_nano.a(libc_a-nano-svfprintf.o) (_malloc_r)
/usr/lib/gcc/arm-none-eabi/14.2.1/../../../arm-none-eabi/lib/thumb/v7e-m+fp/hard/libc_nano.a(libc_a-memcpy.o)
                              ./Output/queue.o (memcpy)
/usr/lib/gcc/arm-none-eabi/14.2.1/../../../arm-none-eabi/lib/thumb/v7e-m+fp/hard/libc_nano.a(libc_a-freer.o)
                              /usr/lib/gcc/arm-none-eabi/14.2.1/../../../arm-none-eabi/lib/thumb/v7e-m+fp/hard/libc_nano.a(libc_a-nano-svfprintf.o) (_free_r)
/usr/lib/gcc/arm-none-eabi/14.2.1/../../../arm-none-eabi/lib/thumb/v7e-m+fp/hard/libc_nano.a(libc_a-impure.o)
                              /usr/lib/gcc/arm-none-eabi/14.2.1/../../../arm-none-eabi/lib/thumb/v7e-m+fp/hard/libc_nano.a(libc_a-sprintf.o) (_impure_ptr)
/usr/lib/gcc/arm-none-eabi/14.2.1/../../../arm-none-eabi/lib/thumb/v7e-m+fp/hard/libc_nano.a(libc_a-reallocr.o)
                              /usr/lib/gcc/arm-none-eabi/14.2.1/../../../arm-none-eabi/lib/thumb/v7e-m+fp/hard/libc_nano.a(libc_a-nano-svfprintf.o) (_realloc_r)
/usr/lib/gcc/arm-none-eabi/14.2.1/../../../arm-none-eabi/lib/thumb/v7e-m+fp/hard/libc_nano.a(libc_a-nano-vfprintf_i.o)
                              /usr/lib/gcc/arm-none-eabi/14.2.1/../../../arm-none-eabi/lib/thumb/v7e-m+fp/hard/libc_nano.a(libc_a-nano-svfprintf.o) (_printf_i)
/usr/lib/gcc/arm-none-eabi/14.2.1/../../../arm-none-eabi/lib/thumb/v7e-m+fp/hard/libc_nano.a(libc_a-mlock.o)
                              /usr/lib/gcc/arm-none-eabi/14.2.1/../../../arm-none-eabi/lib/thumb/v7e-m+fp/hard/libc_nano.a(libc_a-mallocr.o) (__malloc_lock)
/usr/lib/gcc/arm-none-eabi/14.2.1/../../../arm-none-eabi/lib/thumb/v7e-m+fp/hard/libc_nano.a(libc_a-memchr.o)
                              /usr/lib/gcc/arm-none-eabi/14.2.1/../../../arm-none-eabi/lib/thumb/v7e-m+fp/hard/libc_nano.a(libc_a-nano-svfprintf.o) (memchr)
/usr/lib/gcc/arm-none-eabi/14.2.1/../../../arm-none-eabi/lib/thumb/v7e-m+fp/hard/libc_nano.a(libc_a-memmove.o)
                              /usr/lib/gcc/arm-none-eabi/14.2.1/../../../arm-none-eabi/lib/thumb/v7e-m+fp/hard/libc_nano.a(libc_a-nano-svfprintf.o) (memmove)
/usr/lib/gcc/arm-none-eabi/14.2.1/../../../arm-none-eabi/lib/thumb/v7e-m+fp/hard/libc_nano.a(libc_a-sbrkr.o)
                              /usr/lib/gcc/arm-none-eabi/14.2.1/../../../arm-none-eabi/lib/thumb/v7e-m+fp/hard/libc_nano.a(libc_a-mallocr.o) (_sbrk_r)
/usr/lib/gcc/arm-none-eabi/14.2.1/../../../arm-none-eabi/lib/thumb/v7e-m+fp/hard/libc_nano.a(libc_a-msizer.o)
                              /usr/lib/gcc/arm-none-eabi/14.2.1/../../../arm-none-eabi/lib/thumb/v7e-m+fp/hard/libc_nano.a(libc_a-reallocr.o) (_malloc_usable_size_r)
/usr/lib/gcc/arm-none-eabi/14.2.1/../../../arm-none-eabi/lib/thumb/v7e-m+fp/hard/libc_nano.a(libc_a-reent.o)
                              /usr/lib/gcc/arm-none-eabi/14.2.1/../../../arm-none-eabi/lib/thumb/v7e-m+fp/hard/libc_nano.a(libc_a-sbrkr.o) (errno)
/usr/lib/gcc/arm-none-eabi/14.2.1/../../../arm-none-eabi/lib/thumb/v7e-m+fp/hard/libnosys.a(sbrk.o)
                              /usr/lib/gcc/arm-none-eabi/14.2.1/../../../arm-none-eabi/lib/thumb/v7e-m+fp/hard/libc_nano.a(libc_a-sbrkr.o) (_sbrk)

Discarded input sections

 .group         0x00000000        0xc ./Output/list.o
 .group         0x00000000        0xc ./Output/list.o
 .group         0x00000000        0xc ./Output/list.o
 .group         0x00000000        0xc ./Output/list.o
 .group         0x00000000        0xc ./Output/list.o
 .group         0x00000000        0xc ./Output/list.o
 .group         0x00000000        0xc ./Output/list.o
 .group         0x00000000        0xc ./Output/list.o
 .group         0x00000000        0xc ./Output/list.o
 .group         0x00000000        0xc ./Output/list.o
 .group         0x00000000        0xc ./Output/list.o
 .group         0x00000000        0xc ./Output/list.o
 .group         0x00000000        0xc ./Output/list.o
 .group         0x00000000        0xc ./Output/list.o
 .group         0x00000000        0xc ./Output/list.o
 .group         0x00000000        0xc ./Output/list.o
 .group         0x00000000        0xc ./Output/list.o
[...]
Memory Configuration

Name             Origin             Length             Attributes
FLASH            0x00400000         0x00200000         xr
RAM              0x20400000         0x00040000         rw
*default*        0x00000000         0xffffffff

Linker script and memory map

LOAD ./Output/list.o
LOAD ./Output/tasks.o
LOAD ./Output/timers.o
LOAD ./Output/heap_4.o
LOAD ./Output/port.o
LOAD ./Output/queue.o
LOAD ./Output/event_groups.o
LOAD ./Output/stream_buffer.o
LOAD ./Output/main.o
LOAD ./Output/lpuart.o
LOAD ./Output/flexcan.o
LOAD ./Output/startup.o
START GROUP
LOAD /usr/lib/gcc/arm-none-eabi/14.2.1/thumb/v7e-m+fp/hard/libgcc.a
LOAD /usr/lib/gcc/arm-none-eabi/14.2.1/../../../arm-none-eabi/lib/thumb/v7e-m+fp/hard/libc_nano.a
END GROUP
START GROUP
LOAD /usr/lib/gcc/arm-none-eabi/14.2.1/thumb/v7e-m+fp/hard/libgcc.a
LOAD /usr/lib/gcc/arm-none-eabi/14.2.1/../../../arm-none-eabi/lib/thumb/v7e-m+fp/hard/libc_nano.a
LOAD /usr/lib/gcc/arm-none-eabi/14.2.1/../../../arm-none-eabi/lib/thumb/v7e-m+fp/hard/libnosys.a
END GROUP
START GROUP
LOAD /usr/lib/gcc/arm-none-eabi/14.2.1/thumb/v7e-m+fp/hard/libgcc.a
LOAD /usr/lib/gcc/arm-none-eabi/14.2.1/../../../arm-none-eabi/lib/thumb/v7e-m+fp/hard/libc_nano.a
LOAD /usr/lib/gcc/arm-none-eabi/14.2.1/../../../arm-none-eabi/lib/thumb/v7e-m+fp/hard/libnosys.a
END GROUP
                0x00000008                        _Min_Heap_Size = 0x8
                0x00000400                        _Min_Stack_Size = 0x400
                0x20440000                        _estack = (ORIGIN (RAM) + LENGTH (RAM))

.isr_vector     0x00400000      0x3c4
                0x00400000                        __vector_table = .
 *(.isr_vector)
 .isr_vector    0x00400000      0x3c4 ./Output/startup.o
                0x00400000                isr_vector
                0x004003c4                        . = ALIGN (0x4)

.text           0x004003d0      0xf79
 *(.text)
 .text          0x004003d0       0x80 /usr/lib/gcc/arm-none-eabi/14.2.1/../../../arm-none-eabi/lib/thumb/v7e-m+fp/hard/libc_nano.a(libc_a-sprintf.o)
                0x004003d0                _siprintf_r
                0x004003d0                _sprintf_r
                0x0040040c                sprintf
                0x0040040c                siprintf
 .text          0x00400450      0x400 /usr/lib/gcc/arm-none-eabi/14.2.1/../../../arm-none-eabi/lib/thumb/v7e-m+fp/hard/libc_nano.a(libc_a-nano-svfprintf.o)
                0x00400450                __ssputs_r
                0x00400510                __ssprint_r
                0x00400618                _svfprintf_r
                0x00400618                _svfiprintf_r
 .text          0x00400850       0xa4 /usr/lib/gcc/arm-none-eabi/14.2.1/../../../arm-none-eabi/lib/thumb/v7e-m+fp/hard/libc_nano.a(libc_a-memset.o)
                0x00400850                memset
 .text          0x004008f4      0x148 /usr/lib/gcc/arm-none-eabi/14.2.1/../../../arm-none-eabi/lib/thumb/v7e-m+fp/hard/libc_nano.a(libc_a-mallocr.o)
                0x0040093c                _malloc_r
 .text          0x00400a3c      0x134 /usr/lib/gcc/arm-none-eabi/14.2.1/../../../arm-none-eabi/lib/thumb/v7e-m+fp/hard/libc_nano.a(libc_a-memcpy.o)
                0x00400a3c                memcpy
 .text          0x00400b70       0xbc /usr/lib/gcc/arm-none-eabi/14.2.1/../../../arm-none-eabi/lib/thumb/v7e-m+fp/hard/libc_nano.a(libc_a-freer.o)
                0x00400b70                _free_r
 .text          0x00400c2c       0x64 /usr/lib/gcc/arm-none-eabi/14.2.1/../../../arm-none-eabi/lib/thumb/v7e-m+fp/hard/libc_nano.a(libc_a-reallocr.o)
                0x00400c2c                _realloc_r
 .text          0x00400c90      0x3a8 /usr/lib/gcc/arm-none-eabi/14.2.1/../../../arm-none-eabi/lib/thumb/v7e-m+fp/hard/libc_nano.a(libc_a-nano-vfprintf_i.o)
                0x00400c90                _printf_common
                0x00400db4                _printf_i
 .text          0x00401038        0x8 /usr/lib/gcc/arm-none-eabi/14.2.1/../../../arm-none-eabi/lib/thumb/v7e-m+fp/hard/libc_nano.a(libc_a-mlock.o)
                0x00401038                __malloc_lock
                0x0040103c                __malloc_unlock
 .text          0x00401040       0xa0 /usr/lib/gcc/arm-none-eabi/14.2.1/../../../arm-none-eabi/lib/thumb/v7e-m+fp/hard/libc_nano.a(libc_a-memchr.o)
                0x00401040                memchr
 .text          0x004010e0      0x100 /usr/lib/gcc/arm-none-eabi/14.2.1/../../../arm-none-eabi/lib/thumb/v7e-m+fp/hard/libc_nano.a(libc_a-memmove.o)
                0x004010e0                memmove
 .text          0x004011e0       0x24 /usr/lib/gcc/arm-none-eabi/14.2.1/../../../arm-none-eabi/lib/thumb/v7e-m+fp/hard/libc_nano.a(libc_a-sbrkr.o)
                0x004011e0                _sbrk_r
 .text          0x00401204       0x10 /usr/lib/gcc/arm-none-eabi/14.2.1/../../../arm-none-eabi/lib/thumb/v7e-m+fp/hard/libc_nano.a(libc_a-msizer.o)
                0x00401204                _malloc_usable_size_r
 .text          0x00401214       0x1c /usr/lib/gcc/arm-none-eabi/14.2.1/../../../arm-none-eabi/lib/thumb/v7e-m+fp/hard/libnosys.a(sbrk.o)
                0x00401214                _sbrk
 *(.rodata*)
 .rodata.vTaskStartScheduler.str1.1
                0x00401230       0xda ./Output/tasks.o
                                  0x5 (size before relaxing)
 *fill*         0x0040130a        0x2 
 .rodata.uxTopUsedPriority
                0x0040130c        0x4 ./Output/tasks.o
 .rodata.xTimerCreateTimerTask.str1.1
                0x00401310        0x8 ./Output/timers.o
 .rodata.uart_task.str1.1
                0x00401310       0x17 ./Output/main.o
 .rodata.can_receive_callback.str1.1
                0x00401310       0x2d ./Output/main.o
 .rodata.can0_task.str1.1
                0x00401310       0x12 ./Output/main.o
 .rodata.can1_task.str1.1
                0x00401310       0x26 ./Output/main.o
 .rodata.main.str1.1
                0x00401310       0x1e ./Output/main.o
 .rodata.prvGetRegistersFromStack.str1.1
                0x00401310       0x36 ./Output/startup.o
 .rodata.str1.4
                0x00401310       0x39 /usr/lib/gcc/arm-none-eabi/14.2.1/../../../arm-none-eabi/lib/thumb/v7e-m+fp/hard/libc_nano.a(libc_a-nano-svfprintf.o)
                                 0x13 (size before relaxing)
 .rodata.str1.4
                0x00401349       0x25 /usr/lib/gcc/arm-none-eabi/14.2.1/../../../arm-none-eabi/lib/thumb/v7e-m+fp/hard/libc_nano.a(libc_a-nano-vfprintf_i.o)
 *(.constdata*)
                0x00401349                        _etext = .
                0x00401349                        _sidata = .

.glue_7         0x0040134c        0x0
 .glue_7        0x0040134c        0x0 linker stubs

.glue_7t        0x0040134c        0x0
 .glue_7t       0x0040134c        0x0 linker stubs

.vfp11_veneer   0x0040134c        0x0
 .vfp11_veneer  0x0040134c        0x0 linker stubs

.v4_bx          0x0040134c        0x0
 .v4_bx         0x0040134c        0x0 linker stubs

.text.vListInitialise
                0x0040134a       0x16
 .text.vListInitialise
                0x0040134a       0x16 ./Output/list.o
                0x0040134a                vListInitialise

.text.vListInitialiseItem
                0x00401360        0x6
 .text.vListInitialiseItem
                0x00401360        0x6 ./Output/list.o
                0x00401360                vListInitialiseItem

.text.vListInsert
                0x00401366       0x2e
 .text.vListInsert
                0x00401366       0x2e ./Output/list.o
                0x00401366                vListInsert

.text.uxListRemove
                0x00401394       0x1e
 .text.uxListRemove
                0x00401394       0x1e ./Output/list.o
                0x00401394                uxListRemove

.text.prvAddCurrentTaskToDelayedList
                0x004013b4       0xac
 .text.prvAddCurrentTaskToDelayedList
                0x004013b4       0xac ./Output/tasks.o

.text.prvResetNextTaskUnblockTime
                0x00401460       0x24
 .text.prvResetNextTaskUnblockTime
                0x00401460       0x24 ./Output/tasks.o

.text.prvCheckTasksWaitingTermination
                0x00401484       0x48
 .text.prvCheckTasksWaitingTermination
                0x00401484       0x48 ./Output/tasks.o

.text.prvIdleTask
                0x004014cc       0x28
 .text.prvIdleTask
                0x004014cc       0x28 ./Output/tasks.o

.text.xTaskCreate
                0x004014f4      0x1c8
 .text.xTaskCreate
                0x004014f4      0x1c8 ./Output/tasks.o
                0x004014f4                xTaskCreate

.text.vTaskStartScheduler
                0x004016bc       0xa4
 .text.vTaskStartScheduler
                0x004016bc       0xa4 ./Output/tasks.o
                0x004016bc                vTaskStartScheduler

.text.vTaskSuspendAll
                0x00401760       0x10
 .text.vTaskSuspendAll
                0x00401760       0x10 ./Output/tasks.o
                0x00401760                vTaskSuspendAll

.text.xTaskGetTickCount
                0x00401770        0xc
 .text.xTaskGetTickCount
                0x00401770        0xc ./Output/tasks.o
                0x00401770                xTaskGetTickCount

.text.xTaskIncrementTick
                0x0040177c      0x194
 .text.xTaskIncrementTick
                0x0040177c      0x194 ./Output/tasks.o
                0x0040177c                xTaskIncrementTick

.text.xTaskResumeAll
                0x00401910      0x168
 .text.xTaskResumeAll
                0x00401910      0x168 ./Output/tasks.o
                0x00401910                xTaskResumeAll

.text.vTaskDelay
                0x00401a78       0x50
 .text.vTaskDelay
                0x00401a78       0x50 ./Output/tasks.o
                0x00401a78                vTaskDelay

.text.vTaskSwitchContext
                0x00401ac8       0x70
 .text.vTaskSwitchContext
                0x00401ac8       0x70 ./Output/tasks.o
                0x00401ac8                vTaskSwitchContext

.text.vTaskPlaceOnEventList
                0x00401b38       0x38
 .text.vTaskPlaceOnEventList
                0x00401b38       0x38 ./Output/tasks.o
                0x00401b38                vTaskPlaceOnEventList

.text.vTaskPlaceOnEventListRestricted
                0x00401b70       0x5c
 .text.vTaskPlaceOnEventListRestricted
                0x00401b70       0x5c ./Output/tasks.o
                0x00401b70                vTaskPlaceOnEventListRestricted

.text.xTaskRemoveFromEventList
                0x00401bcc       0xd0
 .text.xTaskRemoveFromEventList
                0x00401bcc       0xd0 ./Output/tasks.o
                0x00401bcc                xTaskRemoveFromEventList

.text.vTaskInternalSetTimeOutState
                0x00401c9c       0x18
 .text.vTaskInternalSetTimeOutState
                0x00401c9c       0x18 ./Output/tasks.o
                0x00401c9c                vTaskInternalSetTimeOutState

.text.xTaskCheckForTimeOut
                0x00401cb4       0x80
 .text.xTaskCheckForTimeOut
                0x00401cb4       0x80 ./Output/tasks.o
                0x00401cb4                xTaskCheckForTimeOut

.text.vTaskMissedYield
                0x00401d34        0xc
 .text.vTaskMissedYield
                0x00401d34        0xc ./Output/tasks.o
                0x00401d34                vTaskMissedYield

.text.xTaskGetSchedulerState
                0x00401d40       0x20
 .text.xTaskGetSchedulerState
                0x00401d40       0x20 ./Output/tasks.o
                0x00401d40                xTaskGetSchedulerState

.text.xTaskPriorityInherit
                0x00401d60       0xa0
 .text.xTaskPriorityInherit
                0x00401d60       0xa0 ./Output/tasks.o
                0x00401d60                xTaskPriorityInherit

.text.xTaskPriorityDisinherit
                0x00401e00       0xac
 .text.xTaskPriorityDisinherit
                0x00401e00       0xac ./Output/tasks.o
                0x00401e00                xTaskPriorityDisinherit

.text.vTaskPriorityDisinheritAfterTimeout
                0x00401eac       0xbc
 .text.vTaskPriorityDisinheritAfterTimeout
                0x00401eac       0xbc ./Output/tasks.o
                0x00401eac                vTaskPriorityDisinheritAfterTimeout

.text.pvTaskIncrementMutexHeldCount
                0x00401f68       0x14
 .text.pvTaskIncrementMutexHeldCount
                0x00401f68       0x14 ./Output/tasks.o
                0x00401f68                pvTaskIncrementMutexHeldCount

.iplt           0x00401f7c        0x0
 .iplt          0x00401f7c        0x0 ./Output/tasks.o

.text.prvInsertTimerInActiveList
                0x00401f7c       0x3c
 .text.prvInsertTimerInActiveList
                0x00401f7c       0x3c ./Output/timers.o

.text.prvReloadTimer
                0x00401fb8       0x26
 .text.prvReloadTimer
                0x00401fb8       0x26 ./Output/timers.o

.text.prvProcessExpiredTimer
                0x00401fe0       0x40
 .text.prvProcessExpiredTimer
                0x00401fe0       0x40 ./Output/timers.o

.text.prvSwitchTimerLists
                0x00402020       0x2c
 .text.prvSwitchTimerLists
                0x00402020       0x2c ./Output/timers.o

.text.prvCheckForValidListAndQueue
                0x0040204c       0x4c
 .text.prvCheckForValidListAndQueue
                0x0040204c       0x4c ./Output/timers.o

.text.prvTimerTask
                0x00402098      0x190
 .text.prvTimerTask
                0x00402098      0x190 ./Output/timers.o

.text.xTimerCreateTimerTask
                0x00402228       0x54
 .text.xTimerCreateTimerTask
                0x00402228       0x54 ./Output/timers.o
                0x00402228                xTimerCreateTimerTask

.text.pvPortMalloc
                0x0040227c      0x1ac
 .text.pvPortMalloc
                0x0040227c      0x1ac ./Output/heap_4.o
                0x0040227c                pvPortMalloc

.text.vPortFree
                0x00402428      0x10c
 .text.vPortFree
                0x00402428      0x10c ./Output/heap_4.o
                0x00402428                vPortFree

.text.vPortSVCHandler
                0x00402534       0x20
 .text.vPortSVCHandler
                0x00402534       0x20 ./Output/port.o
                0x00402534                vPortSVCHandler

.text.prvPortStartFirstTask
                0x00402554       0x28
 .text.prvPortStartFirstTask
                0x00402554       0x28 ./Output/port.o

.text.xPortPendSVHandler
                0x0040257c       0x64
 .text.xPortPendSVHandler
                0x0040257c       0x64 ./Output/port.o
                0x0040257c                xPortPendSVHandler

.text.vPortEnableVFP
                0x004025e0       0x14
 .text.vPortEnableVFP
                0x004025e0       0x14 ./Output/port.o

.text.prvTaskExitError
                0x004025f4       0x48
 .text.prvTaskExitError
                0x004025f4       0x48 ./Output/port.o

.text.pxPortInitialiseStack
                0x0040263c       0x24
 .text.pxPortInitialiseStack
                0x0040263c       0x24 ./Output/port.o
                0x0040263c                pxPortInitialiseStack

.text.vPortEnterCritical
                0x00402660       0x48
 .text.vPortEnterCritical
                0x00402660       0x48 ./Output/port.o
                0x00402660                vPortEnterCritical

.text.vPortExitCritical
                0x004026a8       0x2c
 .text.vPortExitCritical
                0x004026a8       0x2c ./Output/port.o
                0x004026a8                vPortExitCritical

.text.xPortSysTickHandler
                0x004026d4       0x30
 .text.xPortSysTickHandler
                0x004026d4       0x30 ./Output/port.o
                0x004026d4                xPortSysTickHandler

.text.vPortSetupTimerInterrupt
                0x00402704       0x16
 .text.vPortSetupTimerInterrupt
                0x00402704       0x16 ./Output/port.o
                0x00402704                vPortSetupTimerInterrupt

.text.xPortStartScheduler
                0x0040271c      0x148
 .text.xPortStartScheduler
                0x0040271c      0x148 ./Output/port.o
                0x0040271c                xPortStartScheduler

.text.prvIsQueueEmpty
                0x00402864       0x16
 .text.prvIsQueueEmpty
                0x00402864       0x16 ./Output/queue.o

.text.prvCopyDataToQueue
                0x0040287a       0x66
 .text.prvCopyDataToQueue
                0x0040287a       0x66 ./Output/queue.o

.text.prvCopyDataFromQueue
                0x004028e0       0x28
 .text.prvCopyDataFromQueue
                0x004028e0       0x28 ./Output/queue.o

.text.prvUnlockQueue
                0x00402908       0x6c
 .text.prvUnlockQueue
                0x00402908       0x6c ./Output/queue.o

.text.xQueueGenericReset
                0x00402974       0xa2
 .text.xQueueGenericReset
                0x00402974       0xa2 ./Output/queue.o
                0x00402974                xQueueGenericReset

.text.xQueueGenericCreate
                0x00402a16       0x52
 .text.xQueueGenericCreate
                0x00402a16       0x52 ./Output/queue.o
                0x00402a16                xQueueGenericCreate

.text.xQueueGenericSend
                0x00402a68      0x174
 .text.xQueueGenericSend
                0x00402a68      0x174 ./Output/queue.o
                0x00402a68                xQueueGenericSend

.text.xQueueCreateMutex
                0x00402bdc       0x24
 .text.xQueueCreateMutex
                0x00402bdc       0x24 ./Output/queue.o
                0x00402bdc                xQueueCreateMutex

.text.xQueueReceive
                0x00402c00      0x14a
 .text.xQueueReceive
                0x00402c00      0x14a ./Output/queue.o
                0x00402c00                xQueueReceive

.text.xQueueSemaphoreTake
                0x00402d4a      0x178
 .text.xQueueSemaphoreTake
                0x00402d4a      0x178 ./Output/queue.o
                0x00402d4a                xQueueSemaphoreTake

.text.vQueueWaitForMessageRestricted
                0x00402ec2       0x46
 .text.vQueueWaitForMessageRestricted
                0x00402ec2       0x46 ./Output/queue.o
                0x00402ec2                vQueueWaitForMessageRestricted

.text.uart_task
                0x00402f08       0x18
 .text.uart_task
                0x00402f08       0x18 ./Output/main.o
                0x00402f08                uart_task

.text.my_printf_safe
                0x00402f20       0x30
 .text.my_printf_safe
                0x00402f20       0x30 ./Output/main.o
                0x00402f20                my_printf_safe

.text.can_receive_callback
                0x00402f50       0x54
 .text.can_receive_callback
                0x00402f50       0x54 ./Output/main.o
                0x00402f50                can_receive_callback

.text.can0_task
                0x00402fa4       0x78
 .text.can0_task
                0x00402fa4       0x78 ./Output/main.o
                0x00402fa4                can0_task

.text.can1_task
                0x0040301c       0x34
 .text.can1_task
                0x0040301c       0x34 ./Output/main.o
                0x0040301c                can1_task

.text.startup.main
                0x00403050       0xb0
 .text.startup.main
                0x00403050       0xb0 ./Output/main.o
                0x00403050                main

.text.my_printf
                0x00403100       0x1c
 .text.my_printf
                0x00403100       0x1c ./Output/lpuart.o
                0x00403100                my_printf

.text.lpuart_init
                0x0040311c       0x18
 .text.lpuart_init
                0x0040311c       0x18 ./Output/lpuart.o
                0x0040311c                lpuart_init

.text.flexcan_init
                0x00403134       0x1a
 .text.flexcan_init
                0x00403134       0x1a ./Output/flexcan.o
                0x00403134                flexcan_init

.text.can_bus_init
                0x0040314e        0xa
 .text.can_bus_init
                0x0040314e        0xa ./Output/flexcan.o
                0x0040314e                can_bus_init

.text.can_bus_add_node
                0x00403158       0x10
 .text.can_bus_add_node
                0x00403158       0x10 ./Output/flexcan.o
                0x00403158                can_bus_add_node

.text.can_bus_transmit
                0x00403168       0x6c
 .text.can_bus_transmit
                0x00403168       0x6c ./Output/flexcan.o
                0x00403168                can_bus_transmit

.text.flexcan_receive
                0x004031d4       0x58
 .text.flexcan_receive
                0x004031d4       0x58 ./Output/flexcan.o
                0x004031d4                flexcan_receive

.text.Default_Handler
                0x00403300        0xc
 .text.Default_Handler
                0x00403300        0xc ./Output/startup.o
                0x00403300                FLEXCAN0_Handler

.text.HardFault_Handler
                0x00403400       0x18
 .text.HardFault_Handler
                0x00403400       0x18 ./Output/startup.o

.text.Reset_Handler
                0x00403418        0x4
 .text.Reset_Handler
                0x00403418        0x4 ./Output/startup.o
                0x00403418                Reset_Handler

.text.prvGetRegistersFromStack
                0x0040341c       0x60
 .text.prvGetRegistersFromStack
                0x0040341c       0x60 ./Output/startup.o
                0x0040341c                prvGetRegistersFromStack

.rel.dyn        0x0040347c        0x0
 .rel.iplt      0x0040347c        0x0 ./Output/tasks.o

.ARM.exidx      0x0040347c        0x8
 .ARM.exidx     0x0040347c        0x8 /usr/lib/gcc/arm-none-eabi/14.2.1/../../../arm-none-eabi/lib/thumb/v7e-m+fp/hard/libc_nano.a(libc_a-memcpy.o)
 .ARM.exidx     0x00403484        0x0 /usr/lib/gcc/arm-none-eabi/14.2.1/../../../arm-none-eabi/lib/thumb/v7e-m+fp/hard/libc_nano.a(libc_a-memchr.o)
                                  0x8 (size before relaxing)

.data           0x20400000       0x50
                0x20400000                        . = ALIGN (0x8)
                0x20400000                        _data = .
                0x20400000                        _sdata = .
 *(vtable)
 *(.data)
 .data          0x20400000       0x50 /usr/lib/gcc/arm-none-eabi/14.2.1/../../../arm-none-eabi/lib/thumb/v7e-m+fp/hard/libc_nano.a(libc_a-impure.o)
                0x20400000                _impure_ptr
                0x20400004                _impure_data
                0x20400050                        _edata = .

.igot.plt       0x20400050        0x0
 .igot.plt      0x20400050        0x0 ./Output/tasks.o

.data.uxCriticalNesting
                0x20400050        0x4
 .data.uxCriticalNesting
                0x20400050        0x4 ./Output/port.o

.bss            0x20400054       0x14
                0x20400058                        . = ALIGN (0x8)
 *fill*         0x20400054        0x4 
                0x20400058                        _bss = .
                0x20400058                        _sbss = .
 *(.bss)
 .bss           0x20400058        0x8 /usr/lib/gcc/arm-none-eabi/14.2.1/../../../arm-none-eabi/lib/thumb/v7e-m+fp/hard/libc_nano.a(libc_a-mallocr.o)
                0x20400058                __malloc_sbrk_start
                0x2040005c                __malloc_free_list
 .bss           0x20400060        0x4 /usr/lib/gcc/arm-none-eabi/14.2.1/../../../arm-none-eabi/lib/thumb/v7e-m+fp/hard/libc_nano.a(libc_a-reent.o)
                0x20400060                errno
 .bss           0x20400064        0x4 /usr/lib/gcc/arm-none-eabi/14.2.1/../../../arm-none-eabi/lib/thumb/v7e-m+fp/hard/libnosys.a(sbrk.o)
                0x20400068                        _ebss = .

.bss.uxSchedulerSuspended
                0x20400068        0x4
 .bss.uxSchedulerSuspended
                0x20400068        0x4 ./Output/tasks.o

.bss.xIdleTaskHandles
                0x2040006c        0x4
 .bss.xIdleTaskHandles
                0x2040006c        0x4 ./Output/tasks.o

.bss.xNextTaskUnblockTime
                0x20400070        0x4
 .bss.xNextTaskUnblockTime
                0x20400070        0x4 ./Output/tasks.o

.bss.uxTaskNumber
                0x20400074        0x4
 .bss.uxTaskNumber
                0x20400074        0x4 ./Output/tasks.o

.bss.xNumOfOverflows
                0x20400078        0x4
 .bss.xNumOfOverflows
                0x20400078        0x4 ./Output/tasks.o

.bss.xYieldPendings
                0x2040007c        0x4
 .bss.xYieldPendings
                0x2040007c        0x4 ./Output/tasks.o

.bss.xPendedTicks
                0x20400080        0x4
 .bss.xPendedTicks
                0x20400080        0x4 ./Output/tasks.o

.bss.xSchedulerRunning
                0x20400084        0x4
 .bss.xSchedulerRunning
                0x20400084        0x4 ./Output/tasks.o

.bss.uxTopReadyPriority
                0x20400088        0x4
 .bss.uxTopReadyPriority
                0x20400088        0x4 ./Output/tasks.o

.bss.xTickCount
                0x2040008c        0x4
 .bss.xTickCount
                0x2040008c        0x4 ./Output/tasks.o

.bss.uxCurrentNumberOfTasks
                0x20400090        0x4
 .bss.uxCurrentNumberOfTasks
                0x20400090        0x4 ./Output/tasks.o

.bss.xSuspendedTaskList
                0x20400094       0x14
 .bss.xSuspendedTaskList
                0x20400094       0x14 ./Output/tasks.o

.bss.uxDeletedTasksWaitingCleanUp
                0x204000a8        0x4
 .bss.uxDeletedTasksWaitingCleanUp
                0x204000a8        0x4 ./Output/tasks.o

.bss.xTasksWaitingTermination
                0x204000ac       0x14
 .bss.xTasksWaitingTermination
                0x204000ac       0x14 ./Output/tasks.o

.bss.xPendingReadyList
                0x204000c0       0x14
 .bss.xPendingReadyList
                0x204000c0       0x14 ./Output/tasks.o

.bss.pxOverflowDelayedTaskList
                0x204000d4        0x4
 .bss.pxOverflowDelayedTaskList
                0x204000d4        0x4 ./Output/tasks.o

.bss.pxDelayedTaskList
                0x204000d8        0x4
 .bss.pxDelayedTaskList
                0x204000d8        0x4 ./Output/tasks.o

.bss.xDelayedTaskList2
                0x204000dc       0x14
 .bss.xDelayedTaskList2
                0x204000dc       0x14 ./Output/tasks.o

.bss.xDelayedTaskList1
                0x204000f0       0x14
 .bss.xDelayedTaskList1
                0x204000f0       0x14 ./Output/tasks.o

.bss.pxReadyTasksLists
                0x20400104       0x64
 .bss.pxReadyTasksLists
                0x20400104       0x64 ./Output/tasks.o

.bss.pxCurrentTCB
                0x20400168        0x4
 .bss.pxCurrentTCB
                0x20400168        0x4 ./Output/tasks.o
                0x20400168                pxCurrentTCB

.bss.xLastTime.0
                0x2040016c        0x4
 .bss.xLastTime.0
                0x2040016c        0x4 ./Output/timers.o

.bss.xTimerTaskHandle
                0x20400170        0x4
 .bss.xTimerTaskHandle
                0x20400170        0x4 ./Output/timers.o

.bss.xTimerQueue
                0x20400174        0x4
 .bss.xTimerQueue
                0x20400174        0x4 ./Output/timers.o

.bss.pxOverflowTimerList
                0x20400178        0x4
 .bss.pxOverflowTimerList
                0x20400178        0x4 ./Output/timers.o

.bss.pxCurrentTimerList
                0x2040017c        0x4
 .bss.pxCurrentTimerList
                0x2040017c        0x4 ./Output/timers.o

.bss.xActiveTimerList2
                0x20400180       0x14
 .bss.xActiveTimerList2
                0x20400180       0x14 ./Output/timers.o

.bss.xActiveTimerList1
                0x20400194       0x14
 .bss.xActiveTimerList1
                0x20400194       0x14 ./Output/timers.o

.bss.xNumberOfSuccessfulFrees
                0x204001a8        0x4
 .bss.xNumberOfSuccessfulFrees
                0x204001a8        0x4 ./Output/heap_4.o

.bss.xNumberOfSuccessfulAllocations
                0x204001ac        0x4
 .bss.xNumberOfSuccessfulAllocations
                0x204001ac        0x4 ./Output/heap_4.o

.bss.xMinimumEverFreeBytesRemaining
                0x204001b0        0x4
 .bss.xMinimumEverFreeBytesRemaining
                0x204001b0        0x4 ./Output/heap_4.o

.bss.xFreeBytesRemaining
                0x204001b4        0x4
 .bss.xFreeBytesRemaining
                0x204001b4        0x4 ./Output/heap_4.o

.bss.pxEnd      0x204001b8        0x4
 .bss.pxEnd     0x204001b8        0x4 ./Output/heap_4.o

.bss.xStart     0x204001bc        0x8
 .bss.xStart    0x204001bc        0x8 ./Output/heap_4.o

.bss.ucHeap     0x204001c4     0x8000
 .bss.ucHeap    0x204001c4     0x8000 ./Output/heap_4.o

.bss.ulMaxPRIGROUPValue
                0x204081c4        0x4
 .bss.ulMaxPRIGROUPValue
                0x204081c4        0x4 ./Output/port.o

.bss.ucMaxSysCallPriority
                0x204081c8        0x1
 .bss.ucMaxSysCallPriority
                0x204081c8        0x1 ./Output/port.o

.bss.print_mutex
                0x204081cc        0x4
 .bss.print_mutex
                0x204081cc        0x4 ./Output/main.o
                0x204081cc                print_mutex

.bss.flexcan1   0x204081d0      0x110
 .bss.flexcan1  0x204081d0      0x110 ./Output/main.o
                0x204081d0                flexcan1

.bss.flexcan0   0x204082e0      0x110
 .bss.flexcan0  0x204082e0      0x110 ./Output/main.o
                0x204082e0                flexcan0

.bss.can_bus    0x204083f0        0xc
 .bss.can_bus   0x204083f0        0xc ./Output/main.o
                0x204083f0                can_bus

.bss.psr        0x204083fc        0x4
 .bss.psr       0x204083fc        0x4 ./Output/startup.o
                0x204083fc                psr

.bss.pc         0x20408400        0x4
 .bss.pc        0x20408400        0x4 ./Output/startup.o
                0x20408400                pc

.bss.lr         0x20408404        0x4
 .bss.lr        0x20408404        0x4 ./Output/startup.o
                0x20408404                lr

.bss.r12        0x20408408        0x4
 .bss.r12       0x20408408        0x4 ./Output/startup.o
                0x20408408                r12

.bss.r3         0x2040840c        0x4
 .bss.r3        0x2040840c        0x4 ./Output/startup.o
                0x2040840c                r3

.bss.r2         0x20408410        0x4
 .bss.r2        0x20408410        0x4 ./Output/startup.o
                0x20408410                r2

.bss.r1         0x20408414        0x4
 .bss.r1        0x20408414        0x4 ./Output/startup.o
                0x20408414                r1

.bss.r0         0x20408418        0x4
 .bss.r0        0x20408418        0x4 ./Output/startup.o
                0x20408418                r0

.heap           0x2040841c      0x40c
                0x20408420                        . = ALIGN (0x8)
 *fill*         0x2040841c        0x4 
                0x20408420                        PROVIDE (end = .)
                [!provide]                        PROVIDE (_end = .)
                0x20408420                        _heap_bottom = .
                0x20408428                        . = (. + _Min_Heap_Size)
 *fill*         0x20408420        0x8 
                0x20408428                        _heap_top = .
                0x20408828                        . = (. + _Min_Stack_Size)
 *fill*         0x20408428      0x400 
                0x20408828                        . = ALIGN (0x8)
                0x20440000                        __StackTop = (ORIGIN (RAM) + LENGTH (RAM))
                0x2043fc00                        __StackLimit = (__StackTop - _Min_Stack_Size)
                [!provide]                        PROVIDE (__stack = __StackTop)
                0x00000001                        ASSERT ((__StackLimit >= _heap_top), region RAM overflowed with stack)
OUTPUT(./Output/demo.elf elf32-littlearm)
LOAD linker stubs

.debug_info     0x00000000     0xf1e6
 .debug_info    0x00000000      0x2b2 ./Output/list.o
 .debug_info    0x000002b2     0x32f1 ./Output/tasks.o
 .debug_info    0x000035a3     0x13fc ./Output/timers.o
 .debug_info    0x0000499f      0x732 ./Output/heap_4.o
 .debug_info    0x000050d1      0x5c0 ./Output/port.o
 .debug_info    0x00005691     0x1f85 ./Output/queue.o
 .debug_info    0x00007616      0x952 ./Output/main.o
 .debug_info    0x00007f68       0xcc ./Output/lpuart.o
 .debug_info    0x00008034      0x48f ./Output/flexcan.o
 .debug_info    0x000084c3      0x1f4 ./Output/startup.o
 .debug_info    0x000086b7      0x87b /usr/lib/gcc/arm-none-eabi/14.2.1/../../../arm-none-eabi/lib/thumb/v7e-m+fp/hard/libc_nano.a(libc_a-sprintf.o)
 .debug_info    0x00008f32     0x1092 /usr/lib/gcc/arm-none-eabi/14.2.1/../../../arm-none-eabi/lib/thumb/v7e-m+fp/hard/libc_nano.a(libc_a-nano-svfprintf.o)
 .debug_info    0x00009fc4      0x135 /usr/lib/gcc/arm-none-eabi/14.2.1/../../../arm-none-eabi/lib/thumb/v7e-m+fp/hard/libc_nano.a(libc_a-memset.o)
 .debug_info    0x0000a0f9      0x9b6 /usr/lib/gcc/arm-none-eabi/14.2.1/../../../arm-none-eabi/lib/thumb/v7e-m+fp/hard/libc_nano.a(libc_a-mallocr.o)
 .debug_info    0x0000aaaf       0x33 /usr/lib/gcc/arm-none-eabi/14.2.1/../../../arm-none-eabi/lib/thumb/v7e-m+fp/hard/libc_nano.a(libc_a-memcpy.o)
 .debug_info    0x0000aae2      0x87f /usr/lib/gcc/arm-none-eabi/14.2.1/../../../arm-none-eabi/lib/thumb/v7e-m+fp/hard/libc_nano.a(libc_a-freer.o)
 .debug_info    0x0000b361      0x70b /usr/lib/gcc/arm-none-eabi/14.2.1/../../../arm-none-eabi/lib/thumb/v7e-m+fp/hard/libc_nano.a(libc_a-impure.o)
 .debug_info    0x0000ba6c      0x8cd /usr/lib/gcc/arm-none-eabi/14.2.1/../../../arm-none-eabi/lib/thumb/v7e-m+fp/hard/libc_nano.a(libc_a-reallocr.o)
 .debug_info    0x0000c339      0xdd7 /usr/lib/gcc/arm-none-eabi/14.2.1/../../../arm-none-eabi/lib/thumb/v7e-m+fp/hard/libc_nano.a(libc_a-nano-vfprintf_i.o)
 .debug_info    0x0000d110      0x71c /usr/lib/gcc/arm-none-eabi/14.2.1/../../../arm-none-eabi/lib/thumb/v7e-m+fp/hard/libc_nano.a(libc_a-mlock.o)
 .debug_info    0x0000d82c       0x25 /usr/lib/gcc/arm-none-eabi/14.2.1/../../../arm-none-eabi/lib/thumb/v7e-m+fp/hard/libc_nano.a(libc_a-memchr.o)
 .debug_info    0x0000d851      0x148 /usr/lib/gcc/arm-none-eabi/14.2.1/../../../arm-none-eabi/lib/thumb/v7e-m+fp/hard/libc_nano.a(libc_a-memmove.o)
 .debug_info    0x0000d999      0x778 /usr/lib/gcc/arm-none-eabi/14.2.1/../../../arm-none-eabi/lib/thumb/v7e-m+fp/hard/libc_nano.a(libc_a-sbrkr.o)
 .debug_info    0x0000e111      0x78a /usr/lib/gcc/arm-none-eabi/14.2.1/../../../arm-none-eabi/lib/thumb/v7e-m+fp/hard/libc_nano.a(libc_a-msizer.o)
 .debug_info    0x0000e89b      0x89f /usr/lib/gcc/arm-none-eabi/14.2.1/../../../arm-none-eabi/lib/thumb/v7e-m+fp/hard/libc_nano.a(libc_a-reent.o)
 .debug_info    0x0000f13a       0xac /usr/lib/gcc/arm-none-eabi/14.2.1/../../../arm-none-eabi/lib/thumb/v7e-m+fp/hard/libnosys.a(sbrk.o)

.debug_abbrev   0x00000000     0x3331
 .debug_abbrev  0x00000000      0x105 ./Output/list.o
 .debug_abbrev  0x00000105      0x4ed ./Output/tasks.o
 .debug_abbrev  0x000005f2      0x3f9 ./Output/timers.o
 .debug_abbrev  0x000009eb      0x32b ./Output/heap_4.o
 .debug_abbrev  0x00000d16      0x2a7 ./Output/port.o
 .debug_abbrev  0x00000fbd      0x391 ./Output/queue.o
 .debug_abbrev  0x0000134e      0x2d9 ./Output/main.o
 .debug_abbrev  0x00001627       0x93 ./Output/lpuart.o
 .debug_abbrev  0x000016ba      0x214 ./Output/flexcan.o
 .debug_abbrev  0x000018ce      0x165 ./Output/startup.o
 .debug_abbrev  0x00001a33      0x21c /usr/lib/gcc/arm-none-eabi/14.2.1/../../../arm-none-eabi/lib/thumb/v7e-m+fp/hard/libc_nano.a(libc_a-sprintf.o)
 .debug_abbrev  0x00001c4f      0x32f /usr/lib/gcc/arm-none-eabi/14.2.1/../../../arm-none-eabi/lib/thumb/v7e-m+fp/hard/libc_nano.a(libc_a-nano-svfprintf.o)
 .debug_abbrev  0x00001f7e       0xb7 /usr/lib/gcc/arm-none-eabi/14.2.1/../../../arm-none-eabi/lib/thumb/v7e-m+fp/hard/libc_nano.a(libc_a-memset.o)
 .debug_abbrev  0x00002035      0x24a /usr/lib/gcc/arm-none-eabi/14.2.1/../../../arm-none-eabi/lib/thumb/v7e-m+fp/hard/libc_nano.a(libc_a-mallocr.o)
 .debug_abbrev  0x0000227f       0x28 /usr/lib/gcc/arm-none-eabi/14.2.1/../../../arm-none-eabi/lib/thumb/v7e-m+fp/hard/libc_nano.a(libc_a-memcpy.o)
 .debug_abbrev  0x000022a7      0x249 /usr/lib/gcc/arm-none-eabi/14.2.1/../../../arm-none-eabi/lib/thumb/v7e-m+fp/hard/libc_nano.a(libc_a-freer.o)
 .debug_abbrev  0x000024f0      0x149 /usr/lib/gcc/arm-none-eabi/14.2.1/../../../arm-none-eabi/lib/thumb/v7e-m+fp/hard/libc_nano.a(libc_a-impure.o)
 .debug_abbrev  0x00002639      0x20c /usr/lib/gcc/arm-none-eabi/14.2.1/../../../arm-none-eabi/lib/thumb/v7e-m+fp/hard/libc_nano.a(libc_a-reallocr.o)
 .debug_abbrev  0x00002845      0x284 /usr/lib/gcc/arm-none-eabi/14.2.1/../../../arm-none-eabi/lib/thumb/v7e-m+fp/hard/libc_nano.a(libc_a-nano-vfprintf_i.o)
 .debug_abbrev  0x00002ac9      0x192 /usr/lib/gcc/arm-none-eabi/14.2.1/../../../arm-none-eabi/lib/thumb/v7e-m+fp/hard/libc_nano.a(libc_a-mlock.o)
 .debug_abbrev  0x00002c5b       0x14 /usr/lib/gcc/arm-none-eabi/14.2.1/../../../arm-none-eabi/lib/thumb/v7e-m+fp/hard/libc_nano.a(libc_a-memchr.o)
 .debug_abbrev  0x00002c6f       0xc3 /usr/lib/gcc/arm-none-eabi/14.2.1/../../../arm-none-eabi/lib/thumb/v7e-m+fp/hard/libc_nano.a(libc_a-memmove.o)
 .debug_abbrev  0x00002d32      0x1da /usr/lib/gcc/arm-none-eabi/14.2.1/../../../arm-none-eabi/lib/thumb/v7e-m+fp/hard/libc_nano.a(libc_a-sbrkr.o)
 .debug_abbrev  0x00002f0c      0x196 /usr/lib/gcc/arm-none-eabi/14.2.1/../../../arm-none-eabi/lib/thumb/v7e-m+fp/hard/libc_nano.a(libc_a-msizer.o)
 .debug_abbrev  0x000030a2      0x1ee /usr/lib/gcc/arm-none-eabi/14.2.1/../../../arm-none-eabi/lib/thumb/v7e-m+fp/hard/libc_nano.a(libc_a-reent.o)
 .debug_abbrev  0x00003290       0xa1 /usr/lib/gcc/arm-none-eabi/14.2.1/../../../arm-none-eabi/lib/thumb/v7e-m+fp/hard/libnosys.a(sbrk.o)

.debug_loclists
                0x00000000     0x48cd
 .debug_loclists
                0x00000000       0x77 ./Output/list.o
 .debug_loclists
                0x00000077     0x186d ./Output/tasks.o
 .debug_loclists
                0x000018e4      0x88a ./Output/timers.o
 .debug_loclists
                0x0000216e      0x3a6 ./Output/heap_4.o
 .debug_loclists
                0x00002514       0xa3 ./Output/port.o
 .debug_loclists
                0x000025b7      0xbfb ./Output/queue.o
 .debug_loclists
                0x000031b2      0x185 ./Output/main.o
 .debug_loclists
                0x00003337       0x32 ./Output/lpuart.o
 .debug_loclists
                0x00003369       0xe7 ./Output/flexcan.o
 .debug_loclists
                0x00003450       0x29 ./Output/startup.o
 .debug_loclists
                0x00003479       0x88 /usr/lib/gcc/arm-none-eabi/14.2.1/../../../arm-none-eabi/lib/thumb/v7e-m+fp/hard/libc_nano.a(libc_a-sprintf.o)
 .debug_loclists
                0x00003501      0x56b /usr/lib/gcc/arm-none-eabi/14.2.1/../../../arm-none-eabi/lib/thumb/v7e-m+fp/hard/libc_nano.a(libc_a-nano-svfprintf.o)
 .debug_loclists
                0x00003a6c      0x1c2 /usr/lib/gcc/arm-none-eabi/14.2.1/../../../arm-none-eabi/lib/thumb/v7e-m+fp/hard/libc_nano.a(libc_a-memset.o)
 .debug_loclists
                0x00003c2e      0x263 /usr/lib/gcc/arm-none-eabi/14.2.1/../../../arm-none-eabi/lib/thumb/v7e-m+fp/hard/libc_nano.a(libc_a-mallocr.o)
 .debug_loclists
                0x00003e91      0x164 /usr/lib/gcc/arm-none-eabi/14.2.1/../../../arm-none-eabi/lib/thumb/v7e-m+fp/hard/libc_nano.a(libc_a-freer.o)
 .debug_loclists
                0x00003ff5      0x102 /usr/lib/gcc/arm-none-eabi/14.2.1/../../../arm-none-eabi/lib/thumb/v7e-m+fp/hard/libc_nano.a(libc_a-reallocr.o)
 .debug_loclists
                0x000040f7      0x44f /usr/lib/gcc/arm-none-eabi/14.2.1/../../../arm-none-eabi/lib/thumb/v7e-m+fp/hard/libc_nano.a(libc_a-nano-vfprintf_i.o)
 .debug_loclists
                0x00004546      0x233 /usr/lib/gcc/arm-none-eabi/14.2.1/../../../arm-none-eabi/lib/thumb/v7e-m+fp/hard/libc_nano.a(libc_a-memmove.o)
 .debug_loclists
                0x00004779       0x4b /usr/lib/gcc/arm-none-eabi/14.2.1/../../../arm-none-eabi/lib/thumb/v7e-m+fp/hard/libc_nano.a(libc_a-sbrkr.o)
 .debug_loclists
                0x000047c4       0x59 /usr/lib/gcc/arm-none-eabi/14.2.1/../../../arm-none-eabi/lib/thumb/v7e-m+fp/hard/libc_nano.a(libc_a-msizer.o)
 .debug_loclists
                0x0000481d       0x80 /usr/lib/gcc/arm-none-eabi/14.2.1/../../../arm-none-eabi/lib/thumb/v7e-m+fp/hard/libc_nano.a(libc_a-reent.o)
 .debug_loclists
                0x0000489d       0x30 /usr/lib/gcc/arm-none-eabi/14.2.1/../../../arm-none-eabi/lib/thumb/v7e-m+fp/hard/libnosys.a(sbrk.o)

.debug_aranges  0x00000000      0x750
 .debug_aranges
                0x00000000       0x40 ./Output/list.o
 .debug_aranges
                0x00000040      0x1b8 ./Output/tasks.o
 .debug_aranges
                0x000001f8       0xc0 ./Output/timers.o
 .debug_aranges
                0x000002b8       0x60 ./Output/heap_4.o
 .debug_aranges
                0x00000318       0x80 ./Output/port.o
 .debug_aranges
                0x00000398       0xd8 ./Output/queue.o
 .debug_aranges
                0x00000470       0x48 ./Output/main.o
 .debug_aranges
                0x000004b8       0x28 ./Output/lpuart.o
 .debug_aranges
                0x000004e0       0x40 ./Output/flexcan.o
 .debug_aranges
                0x00000520       0x38 ./Output/startup.o
 .debug_aranges
                0x00000558       0x20 /usr/lib/gcc/arm-none-eabi/14.2.1/../../../arm-none-eabi/lib/thumb/v7e-m+fp/hard/libc_nano.a(libc_a-sprintf.o)
 .debug_aranges
                0x00000578       0x20 /usr/lib/gcc/arm-none-eabi/14.2.1/../../../arm-none-eabi/lib/thumb/v7e-m+fp/hard/libc_nano.a(libc_a-nano-svfprintf.o)
 .debug_aranges
                0x00000598       0x20 /usr/lib/gcc/arm-none-eabi/14.2.1/../../../arm-none-eabi/lib/thumb/v7e-m+fp/hard/libc_nano.a(libc_a-memset.o)
 .debug_aranges
                0x000005b8       0x20 /usr/lib/gcc/arm-none-eabi/14.2.1/../../../arm-none-eabi/lib/thumb/v7e-m+fp/hard/libc_nano.a(libc_a-mallocr.o)
 .debug_aranges
                0x000005d8       0x20 /usr/lib/gcc/arm-none-eabi/14.2.1/../../../arm-none-eabi/lib/thumb/v7e-m+fp/hard/libc_nano.a(libc_a-memcpy.o)
 .debug_aranges
                0x000005f8       0x20 /usr/lib/gcc/arm-none-eabi/14.2.1/../../../arm-none-eabi/lib/thumb/v7e-m+fp/hard/libc_nano.a(libc_a-freer.o)
 .debug_aranges
                0x00000618       0x18 /usr/lib/gcc/arm-none-eabi/14.2.1/../../../arm-none-eabi/lib/thumb/v7e-m+fp/hard/libc_nano.a(libc_a-impure.o)
 .debug_aranges
                0x00000630       0x20 /usr/lib/gcc/arm-none-eabi/14.2.1/../../../arm-none-eabi/lib/thumb/v7e-m+fp/hard/libc_nano.a(libc_a-reallocr.o)
 .debug_aranges
                0x00000650       0x20 /usr/lib/gcc/arm-none-eabi/14.2.1/../../../arm-none-eabi/lib/thumb/v7e-m+fp/hard/libc_nano.a(libc_a-nano-vfprintf_i.o)
 .debug_aranges
                0x00000670       0x20 /usr/lib/gcc/arm-none-eabi/14.2.1/../../../arm-none-eabi/lib/thumb/v7e-m+fp/hard/libc_nano.a(libc_a-mlock.o)
 .debug_aranges
                0x00000690       0x20 /usr/lib/gcc/arm-none-eabi/14.2.1/../../../arm-none-eabi/lib/thumb/v7e-m+fp/hard/libc_nano.a(libc_a-memchr.o)
 .debug_aranges
                0x000006b0       0x20 /usr/lib/gcc/arm-none-eabi/14.2.1/../../../arm-none-eabi/lib/thumb/v7e-m+fp/hard/libc_nano.a(libc_a-memmove.o)
 .debug_aranges
                0x000006d0       0x20 /usr/lib/gcc/arm-none-eabi/14.2.1/../../../arm-none-eabi/lib/thumb/v7e-m+fp/hard/libc_nano.a(libc_a-sbrkr.o)
 .debug_aranges
                0x000006f0       0x20 /usr/lib/gcc/arm-none-eabi/14.2.1/../../../arm-none-eabi/lib/thumb/v7e-m+fp/hard/libc_nano.a(libc_a-msizer.o)
 .debug_aranges
                0x00000710       0x20 /usr/lib/gcc/arm-none-eabi/14.2.1/../../../arm-none-eabi/lib/thumb/v7e-m+fp/hard/libc_nano.a(libc_a-reent.o)
 .debug_aranges
                0x00000730       0x20 /usr/lib/gcc/arm-none-eabi/14.2.1/../../../arm-none-eabi/lib/thumb/v7e-m+fp/hard/libnosys.a(sbrk.o)

.debug_rnglists
                0x00000000      0x788
 .debug_rnglists
                0x00000000       0x2b ./Output/list.o
 .debug_rnglists
                0x0000002b      0x2a8 ./Output/tasks.o
 .debug_rnglists
                0x000002d3       0xd7 ./Output/timers.o
 .debug_rnglists
                0x000003aa       0x52 ./Output/heap_4.o
 .debug_rnglists
                0x000003fc       0x88 ./Output/port.o
 .debug_rnglists
                0x00000484      0x148 ./Output/queue.o
 .debug_rnglists
                0x000005cc       0x6b ./Output/main.o
 .debug_rnglists
                0x00000637       0x19 ./Output/lpuart.o
 .debug_rnglists
                0x00000650       0x3a ./Output/flexcan.o
 .debug_rnglists
                0x0000068a       0x25 ./Output/startup.o
 .debug_rnglists
                0x000006af       0x42 /usr/lib/gcc/arm-none-eabi/14.2.1/../../../arm-none-eabi/lib/thumb/v7e-m+fp/hard/libc_nano.a(libc_a-nano-svfprintf.o)
 .debug_rnglists
                0x000006f1       0x1e /usr/lib/gcc/arm-none-eabi/14.2.1/../../../arm-none-eabi/lib/thumb/v7e-m+fp/hard/libc_nano.a(libc_a-mallocr.o)
 .debug_rnglists
                0x0000070f       0x13 /usr/lib/gcc/arm-none-eabi/14.2.1/../../../arm-none-eabi/lib/thumb/v7e-m+fp/hard/libc_nano.a(libc_a-freer.o)
 .debug_rnglists
                0x00000722       0x66 /usr/lib/gcc/arm-none-eabi/14.2.1/../../../arm-none-eabi/lib/thumb/v7e-m+fp/hard/libc_nano.a(libc_a-nano-vfprintf_i.o)

.debug_macro    0x00000000     0x4538
 .debug_macro   0x00000000      0x171 ./Output/list.o
 .debug_macro   0x00000171      0xacc ./Output/list.o
 .debug_macro   0x00000c3d       0x2a ./Output/list.o
 .debug_macro   0x00000c67       0x22 ./Output/list.o
 .debug_macro   0x00000c89       0x60 ./Output/list.o
 .debug_macro   0x00000ce9       0x94 ./Output/list.o
 .debug_macro   0x00000d7d       0x3c ./Output/list.o
 .debug_macro   0x00000db9       0x34 ./Output/list.o
 .debug_macro   0x00000ded       0x16 ./Output/list.o
 .debug_macro   0x00000e03      0x11c ./Output/list.o
 .debug_macro   0x00000f1f       0x9b ./Output/list.o
 .debug_macro   0x00000fba       0x57 ./Output/list.o
 .debug_macro   0x00001011      0x364 ./Output/list.o
 .debug_macro   0x00001375       0x16 ./Output/list.o
 .debug_macro   0x0000138b       0x4a ./Output/list.o
 .debug_macro   0x000013d5       0x34 ./Output/list.o
 .debug_macro   0x00001409       0x10 ./Output/list.o
 .debug_macro   0x00001419       0x52 ./Output/list.o
 .debug_macro   0x0000146b      0x1e5 ./Output/list.o
 .debug_macro   0x00001650       0x16 ./Output/list.o
 .debug_macro   0x00001666       0x29 ./Output/list.o
 .debug_macro   0x0000168f      0x34e ./Output/list.o
 .debug_macro   0x000019dd       0x16 ./Output/list.o
 .debug_macro   0x000019f3       0xe2 ./Output/list.o
 .debug_macro   0x00001ad5       0x22 ./Output/list.o
 .debug_macro   0x00001af7      0x182 ./Output/list.o
 .debug_macro   0x00001c79       0xee ./Output/list.o
 .debug_macro   0x00001d67       0x3a ./Output/list.o
 .debug_macro   0x00001da1       0x1f ./Output/list.o
 .debug_macro   0x00001dc0       0x12 ./Output/list.o
 .debug_macro   0x00001dd2     0x113c ./Output/list.o
 .debug_macro   0x00002f0e       0xc3 ./Output/list.o
 .debug_macro   0x00002fd1      0x290 ./Output/tasks.o
 .debug_macro   0x00003261       0x16 ./Output/tasks.o
 .debug_macro   0x00003277       0x3c ./Output/tasks.o
 .debug_macro   0x000032b3      0x14f ./Output/tasks.o
 .debug_macro   0x00003402       0x98 ./Output/tasks.o
 .debug_macro   0x0000349a       0x17 ./Output/tasks.o
 .debug_macro   0x000034b1      0x1c0 ./Output/timers.o
 .debug_macro   0x00003671       0x80 ./Output/timers.o
 .debug_macro   0x000036f1       0x9e ./Output/timers.o
 .debug_macro   0x0000378f      0x201 ./Output/heap_4.o
 .debug_macro   0x00003990      0x174 ./Output/port.o
 .debug_macro   0x00003b04      0x190 ./Output/port.o
 .debug_macro   0x00003c94      0x203 ./Output/queue.o
 .debug_macro   0x00003e97      0x1cf ./Output/main.o
 .debug_macro   0x00004066       0x62 ./Output/main.o
 .debug_macro   0x000040c8       0x40 ./Output/main.o
 .debug_macro   0x00004108       0x22 ./Output/main.o
 .debug_macro   0x0000412a       0x10 ./Output/main.o
 .debug_macro   0x0000413a       0x16 ./Output/main.o
 .debug_macro   0x00004150       0x10 ./Output/main.o
 .debug_macro   0x00004160       0x16 ./Output/main.o
 .debug_macro   0x00004176       0x16 ./Output/main.o
 .debug_macro   0x0000418c      0x170 ./Output/main.o
 .debug_macro   0x000042fc       0x29 ./Output/lpuart.o
 .debug_macro   0x00004325       0x3a ./Output/lpuart.o
 .debug_macro   0x0000435f      0x1b0 ./Output/flexcan.o
 .debug_macro   0x0000450f       0x29 ./Output/startup.o

.debug_line     0x00000000     0x9715
 .debug_line    0x00000000      0x446 ./Output/list.o
 .debug_line    0x00000446     0x2bc7 ./Output/tasks.o
 .debug_line    0x0000300d      0xcd9 ./Output/timers.o
 .debug_line    0x00003ce6      0x958 ./Output/heap_4.o
 .debug_line    0x0000463e      0x650 ./Output/port.o
 .debug_line    0x00004c8e     0x17ca ./Output/queue.o
 .debug_line    0x00006458      0x4b6 ./Output/main.o
 .debug_line    0x0000690e       0xd5 ./Output/lpuart.o
 .debug_line    0x000069e3      0x430 ./Output/flexcan.o
 .debug_line    0x00006e13      0x114 ./Output/startup.o
 .debug_line    0x00006f27      0x224 /usr/lib/gcc/arm-none-eabi/14.2.1/../../../arm-none-eabi/lib/thumb/v7e-m+fp/hard/libc_nano.a(libc_a-sprintf.o)
 .debug_line    0x0000714b      0x854 /usr/lib/gcc/arm-none-eabi/14.2.1/../../../arm-none-eabi/lib/thumb/v7e-m+fp/hard/libc_nano.a(libc_a-nano-svfprintf.o)
 .debug_line    0x0000799f      0x1b6 /usr/lib/gcc/arm-none-eabi/14.2.1/../../../arm-none-eabi/lib/thumb/v7e-m+fp/hard/libc_nano.a(libc_a-memset.o)
 .debug_line    0x00007b55      0x446 /usr/lib/gcc/arm-none-eabi/14.2.1/../../../arm-none-eabi/lib/thumb/v7e-m+fp/hard/libc_nano.a(libc_a-mallocr.o)
 .debug_line    0x00007f9b       0xb9 /usr/lib/gcc/arm-none-eabi/14.2.1/../../../arm-none-eabi/lib/thumb/v7e-m+fp/hard/libc_nano.a(libc_a-memcpy.o)
 .debug_line    0x00008054      0x2c3 /usr/lib/gcc/arm-none-eabi/14.2.1/../../../arm-none-eabi/lib/thumb/v7e-m+fp/hard/libc_nano.a(libc_a-freer.o)
 .debug_line    0x00008317       0xe7 /usr/lib/gcc/arm-none-eabi/14.2.1/../../../arm-none-eabi/lib/thumb/v7e-m+fp/hard/libc_nano.a(libc_a-impure.o)
 .debug_line    0x000083fe      0x1f8 /usr/lib/gcc/arm-none-eabi/14.2.1/../../../arm-none-eabi/lib/thumb/v7e-m+fp/hard/libc_nano.a(libc_a-reallocr.o)
 .debug_line    0x000085f6      0x75d /usr/lib/gcc/arm-none-eabi/14.2.1/../../../arm-none-eabi/lib/thumb/v7e-m+fp/hard/libc_nano.a(libc_a-nano-vfprintf_i.o)
 .debug_line    0x00008d53      0x153 /usr/lib/gcc/arm-none-eabi/14.2.1/../../../arm-none-eabi/lib/thumb/v7e-m+fp/hard/libc_nano.a(libc_a-mlock.o)
 .debug_line    0x00008ea6       0x84 /usr/lib/gcc/arm-none-eabi/14.2.1/../../../arm-none-eabi/lib/thumb/v7e-m+fp/hard/libc_nano.a(libc_a-memchr.o)
 .debug_line    0x00008f2a      0x1f1 /usr/lib/gcc/arm-none-eabi/14.2.1/../../../arm-none-eabi/lib/thumb/v7e-m+fp/hard/libc_nano.a(libc_a-memmove.o)
 .debug_line    0x0000911b      0x193 /usr/lib/gcc/arm-none-eabi/14.2.1/../../../arm-none-eabi/lib/thumb/v7e-m+fp/hard/libc_nano.a(libc_a-sbrkr.o)
 .debug_line    0x000092ae      0x176 /usr/lib/gcc/arm-none-eabi/14.2.1/../../../arm-none-eabi/lib/thumb/v7e-m+fp/hard/libc_nano.a(libc_a-msizer.o)
 .debug_line    0x00009424      0x27b /usr/lib/gcc/arm-none-eabi/14.2.1/../../../arm-none-eabi/lib/thumb/v7e-m+fp/hard/libc_nano.a(libc_a-reent.o)
 .debug_line    0x0000969f       0x76 /usr/lib/gcc/arm-none-eabi/14.2.1/../../../arm-none-eabi/lib/thumb/v7e-m+fp/hard/libnosys.a(sbrk.o)

.debug_str      0x00000000    0x178ad
 .debug_str     0x00000000    0x178ad ./Output/list.o
                              0x10371 (size before relaxing)
 .debug_str     0x000178ad    0x13994 ./Output/tasks.o
 .debug_str     0x000178ad    0x12f18 ./Output/timers.o
 .debug_str     0x000178ad    0x11ea9 ./Output/heap_4.o
 .debug_str     0x000178ad     0xf1f0 ./Output/port.o
 .debug_str     0x000178ad    0x12ace ./Output/queue.o
 .debug_str     0x000178ad    0x12dbb ./Output/main.o
 .debug_str     0x000178ad     0x3a6f ./Output/lpuart.o
 .debug_str     0x000178ad    0x125f7 ./Output/flexcan.o
 .debug_str     0x000178ad     0x3b11 ./Output/startup.o
 .debug_str     0x000178ad      0x4fb /usr/lib/gcc/arm-none-eabi/14.2.1/../../../arm-none-eabi/lib/thumb/v7e-m+fp/hard/libc_nano.a(libc_a-sprintf.o)
 .debug_str     0x000178ad      0x805 /usr/lib/gcc/arm-none-eabi/14.2.1/../../../arm-none-eabi/lib/thumb/v7e-m+fp/hard/libc_nano.a(libc_a-nano-svfprintf.o)
 .debug_str     0x000178ad      0x1ad /usr/lib/gcc/arm-none-eabi/14.2.1/../../../arm-none-eabi/lib/thumb/v7e-m+fp/hard/libc_nano.a(libc_a-memset.o)
 .debug_str     0x000178ad      0x59d /usr/lib/gcc/arm-none-eabi/14.2.1/../../../arm-none-eabi/lib/thumb/v7e-m+fp/hard/libc_nano.a(libc_a-mallocr.o)
 .debug_str     0x000178ad       0xac /usr/lib/gcc/arm-none-eabi/14.2.1/../../../arm-none-eabi/lib/thumb/v7e-m+fp/hard/libc_nano.a(libc_a-memcpy.o)
 .debug_str     0x000178ad      0x53c /usr/lib/gcc/arm-none-eabi/14.2.1/../../../arm-none-eabi/lib/thumb/v7e-m+fp/hard/libc_nano.a(libc_a-freer.o)
 .debug_str     0x000178ad      0x4bc /usr/lib/gcc/arm-none-eabi/14.2.1/../../../arm-none-eabi/lib/thumb/v7e-m+fp/hard/libc_nano.a(libc_a-impure.o)
 .debug_str     0x000178ad      0x532 /usr/lib/gcc/arm-none-eabi/14.2.1/../../../arm-none-eabi/lib/thumb/v7e-m+fp/hard/libc_nano.a(libc_a-reallocr.o)
 .debug_str     0x000178ad      0x79b /usr/lib/gcc/arm-none-eabi/14.2.1/../../../arm-none-eabi/lib/thumb/v7e-m+fp/hard/libc_nano.a(libc_a-nano-vfprintf_i.o)
 .debug_str     0x000178ad      0x4da /usr/lib/gcc/arm-none-eabi/14.2.1/../../../arm-none-eabi/lib/thumb/v7e-m+fp/hard/libc_nano.a(libc_a-mlock.o)
 .debug_str     0x000178ad       0x9e /usr/lib/gcc/arm-none-eabi/14.2.1/../../../arm-none-eabi/lib/thumb/v7e-m+fp/hard/libc_nano.a(libc_a-memchr.o)
 .debug_str     0x000178ad      0x1cc /usr/lib/gcc/arm-none-eabi/14.2.1/../../../arm-none-eabi/lib/thumb/v7e-m+fp/hard/libc_nano.a(libc_a-memmove.o)
 .debug_str     0x000178ad      0x4c5 /usr/lib/gcc/arm-none-eabi/14.2.1/../../../arm-none-eabi/lib/thumb/v7e-m+fp/hard/libc_nano.a(libc_a-sbrkr.o)
 .debug_str     0x000178ad      0x505 /usr/lib/gcc/arm-none-eabi/14.2.1/../../../arm-none-eabi/lib/thumb/v7e-m+fp/hard/libc_nano.a(libc_a-msizer.o)
 .debug_str     0x000178ad      0x4db /usr/lib/gcc/arm-none-eabi/14.2.1/../../../arm-none-eabi/lib/thumb/v7e-m+fp/hard/libc_nano.a(libc_a-reent.o)
 .debug_str     0x000178ad      0x11d /usr/lib/gcc/arm-none-eabi/14.2.1/../../../arm-none-eabi/lib/thumb/v7e-m+fp/hard/libnosys.a(sbrk.o)

.comment        0x00000000       0x4c
 .comment       0x00000000       0x4c ./Output/list.o
                                 0x27 (size before relaxing)
 .comment       0x0000004c       0x27 ./Output/tasks.o
 .comment       0x0000004c       0x27 ./Output/timers.o
 .comment       0x0000004c       0x27 ./Output/heap_4.o
 .comment       0x0000004c       0x27 ./Output/port.o
 .comment       0x0000004c       0x27 ./Output/queue.o
 .comment       0x0000004c       0x27 ./Output/main.o
 .comment       0x0000004c       0x27 ./Output/lpuart.o
 .comment       0x0000004c       0x27 ./Output/flexcan.o
 .comment       0x0000004c       0x27 ./Output/startup.o
 .comment       0x0000004c       0x27 /usr/lib/gcc/arm-none-eabi/14.2.1/../../../arm-none-eabi/lib/thumb/v7e-m+fp/hard/libc_nano.a(libc_a-sprintf.o)
 .comment       0x0000004c       0x27 /usr/lib/gcc/arm-none-eabi/14.2.1/../../../arm-none-eabi/lib/thumb/v7e-m+fp/hard/libc_nano.a(libc_a-nano-svfprintf.o)
 .comment       0x0000004c       0x27 /usr/lib/gcc/arm-none-eabi/14.2.1/../../../arm-none-eabi/lib/thumb/v7e-m+fp/hard/libc_nano.a(libc_a-memset.o)
 .comment       0x0000004c       0x27 /usr/lib/gcc/arm-none-eabi/14.2.1/../../../arm-none-eabi/lib/thumb/v7e-m+fp/hard/libc_nano.a(libc_a-mallocr.o)
 .comment       0x0000004c       0x27 /usr/lib/gcc/arm-none-eabi/14.2.1/../../../arm-none-eabi/lib/thumb/v7e-m+fp/hard/libc_nano.a(libc_a-freer.o)
 .comment       0x0000004c       0x27 /usr/lib/gcc/arm-none-eabi/14.2.1/../../../arm-none-eabi/lib/thumb/v7e-m+fp/hard/libc_nano.a(libc_a-impure.o)
 .comment       0x0000004c       0x27 /usr/lib/gcc/arm-none-eabi/14.2.1/../../../arm-none-eabi/lib/thumb/v7e-m+fp/hard/libc_nano.a(libc_a-reallocr.o)
 .comment       0x0000004c       0x27 /usr/lib/gcc/arm-none-eabi/14.2.1/../../../arm-none-eabi/lib/thumb/v7e-m+fp/hard/libc_nano.a(libc_a-nano-vfprintf_i.o)
 .comment       0x0000004c       0x27 /usr/lib/gcc/arm-none-eabi/14.2.1/../../../arm-none-eabi/lib/thumb/v7e-m+fp/hard/libc_nano.a(libc_a-mlock.o)
 .comment       0x0000004c       0x27 /usr/lib/gcc/arm-none-eabi/14.2.1/../../../arm-none-eabi/lib/thumb/v7e-m+fp/hard/libc_nano.a(libc_a-memmove.o)
 .comment       0x0000004c       0x27 /usr/lib/gcc/arm-none-eabi/14.2.1/../../../arm-none-eabi/lib/thumb/v7e-m+fp/hard/libc_nano.a(libc_a-sbrkr.o)
 .comment       0x0000004c       0x27 /usr/lib/gcc/arm-none-eabi/14.2.1/../../../arm-none-eabi/lib/thumb/v7e-m+fp/hard/libc_nano.a(libc_a-msizer.o)
 .comment       0x0000004c       0x27 /usr/lib/gcc/arm-none-eabi/14.2.1/../../../arm-none-eabi/lib/thumb/v7e-m+fp/hard/libc_nano.a(libc_a-reent.o)
 .comment       0x0000004c       0x27 /usr/lib/gcc/arm-none-eabi/14.2.1/../../../arm-none-eabi/lib/thumb/v7e-m+fp/hard/libnosys.a(sbrk.o)

.ARM.attributes
                0x00000000       0x32
 .ARM.attributes
                0x00000000       0x34 ./Output/list.o
 .ARM.attributes
                0x00000034       0x34 ./Output/tasks.o
 .ARM.attributes
                0x00000068       0x34 ./Output/timers.o
 .ARM.attributes
                0x0000009c       0x34 ./Output/heap_4.o
 .ARM.attributes
                0x000000d0       0x34 ./Output/port.o
 .ARM.attributes
                0x00000104       0x34 ./Output/queue.o
 .ARM.attributes
                0x00000138       0x34 ./Output/main.o
 .ARM.attributes
                0x0000016c       0x34 ./Output/lpuart.o
 .ARM.attributes
                0x000001a0       0x34 ./Output/flexcan.o
 .ARM.attributes
                0x000001d4       0x34 ./Output/startup.o
 .ARM.attributes
                0x00000208       0x34 /usr/lib/gcc/arm-none-eabi/14.2.1/../../../arm-none-eabi/lib/thumb/v7e-m+fp/hard/libc_nano.a(libc_a-sprintf.o)
 .ARM.attributes
                0x0000023c       0x34 /usr/lib/gcc/arm-none-eabi/14.2.1/../../../arm-none-eabi/lib/thumb/v7e-m+fp/hard/libc_nano.a(libc_a-nano-svfprintf.o)
 .ARM.attributes
                0x00000270       0x34 /usr/lib/gcc/arm-none-eabi/14.2.1/../../../arm-none-eabi/lib/thumb/v7e-m+fp/hard/libc_nano.a(libc_a-memset.o)
 .ARM.attributes
                0x000002a4       0x34 /usr/lib/gcc/arm-none-eabi/14.2.1/../../../arm-none-eabi/lib/thumb/v7e-m+fp/hard/libc_nano.a(libc_a-mallocr.o)
 .ARM.attributes
                0x000002d8       0x20 /usr/lib/gcc/arm-none-eabi/14.2.1/../../../arm-none-eabi/lib/thumb/v7e-m+fp/hard/libc_nano.a(libc_a-memcpy.o)
 .ARM.attributes
                0x000002f8       0x34 /usr/lib/gcc/arm-none-eabi/14.2.1/../../../arm-none-eabi/lib/thumb/v7e-m+fp/hard/libc_nano.a(libc_a-freer.o)
 .ARM.attributes
                0x0000032c       0x34 /usr/lib/gcc/arm-none-eabi/14.2.1/../../../arm-none-eabi/lib/thumb/v7e-m+fp/hard/libc_nano.a(libc_a-impure.o)
 .ARM.attributes
                0x00000360       0x34 /usr/lib/gcc/arm-none-eabi/14.2.1/../../../arm-none-eabi/lib/thumb/v7e-m+fp/hard/libc_nano.a(libc_a-reallocr.o)
 .ARM.attributes
                0x00000394       0x34 /usr/lib/gcc/arm-none-eabi/14.2.1/../../../arm-none-eabi/lib/thumb/v7e-m+fp/hard/libc_nano.a(libc_a-nano-vfprintf_i.o)
 .ARM.attributes
                0x000003c8       0x34 /usr/lib/gcc/arm-none-eabi/14.2.1/../../../arm-none-eabi/lib/thumb/v7e-m+fp/hard/libc_nano.a(libc_a-mlock.o)
 .ARM.attributes
                0x000003fc       0x1c /usr/lib/gcc/arm-none-eabi/14.2.1/../../../arm-none-eabi/lib/thumb/v7e-m+fp/hard/libc_nano.a(libc_a-memchr.o)
 .ARM.attributes
                0x00000418       0x34 /usr/lib/gcc/arm-none-eabi/14.2.1/../../../arm-none-eabi/lib/thumb/v7e-m+fp/hard/libc_nano.a(libc_a-memmove.o)
 .ARM.attributes
                0x0000044c       0x34 /usr/lib/gcc/arm-none-eabi/14.2.1/../../../arm-none-eabi/lib/thumb/v7e-m+fp/hard/libc_nano.a(libc_a-sbrkr.o)
 .ARM.attributes
                0x00000480       0x34 /usr/lib/gcc/arm-none-eabi/14.2.1/../../../arm-none-eabi/lib/thumb/v7e-m+fp/hard/libc_nano.a(libc_a-msizer.o)
 .ARM.attributes
                0x000004b4       0x34 /usr/lib/gcc/arm-none-eabi/14.2.1/../../../arm-none-eabi/lib/thumb/v7e-m+fp/hard/libc_nano.a(libc_a-reent.o)
 .ARM.attributes
                0x000004e8       0x34 /usr/lib/gcc/arm-none-eabi/14.2.1/../../../arm-none-eabi/lib/thumb/v7e-m+fp/hard/libnosys.a(sbrk.o)

.debug_frame    0x00000000     0x12e0
 .debug_frame   0x00000000       0x6c ./Output/list.o
 .debug_frame   0x0000006c      0x594 ./Output/tasks.o
 .debug_frame   0x00000600      0x240 ./Output/timers.o
 .debug_frame   0x00000840       0xf4 ./Output/heap_4.o
 .debug_frame   0x00000934      0x100 ./Output/port.o
 .debug_frame   0x00000a34      0x2b8 ./Output/queue.o
 .debug_frame   0x00000cec       0xc8 ./Output/main.o
 .debug_frame   0x00000db4       0x30 ./Output/lpuart.o
 .debug_frame   0x00000de4       0x8c ./Output/flexcan.o
 .debug_frame   0x00000e70       0x58 ./Output/startup.o
 .debug_frame   0x00000ec8       0x78 /usr/lib/gcc/arm-none-eabi/14.2.1/../../../arm-none-eabi/lib/thumb/v7e-m+fp/hard/libc_nano.a(libc_a-sprintf.o)
 .debug_frame   0x00000f40       0x98 /usr/lib/gcc/arm-none-eabi/14.2.1/../../../arm-none-eabi/lib/thumb/v7e-m+fp/hard/libc_nano.a(libc_a-nano-svfprintf.o)
 .debug_frame   0x00000fd8       0x2c /usr/lib/gcc/arm-none-eabi/14.2.1/../../../arm-none-eabi/lib/thumb/v7e-m+fp/hard/libc_nano.a(libc_a-memset.o)
 .debug_frame   0x00001004       0x50 /usr/lib/gcc/arm-none-eabi/14.2.1/../../../arm-none-eabi/lib/thumb/v7e-m+fp/hard/libc_nano.a(libc_a-mallocr.o)
 .debug_frame   0x00001054       0x28 /usr/lib/gcc/arm-none-eabi/14.2.1/../../../arm-none-eabi/lib/thumb/v7e-m+fp/hard/libc_nano.a(libc_a-memcpy.o)
 .debug_frame   0x0000107c       0x58 /usr/lib/gcc/arm-none-eabi/14.2.1/../../../arm-none-eabi/lib/thumb/v7e-m+fp/hard/libc_nano.a(libc_a-freer.o)
 .debug_frame   0x000010d4       0x38 /usr/lib/gcc/arm-none-eabi/14.2.1/../../../arm-none-eabi/lib/thumb/v7e-m+fp/hard/libc_nano.a(libc_a-reallocr.o)
 .debug_frame   0x0000110c       0x6c /usr/lib/gcc/arm-none-eabi/14.2.1/../../../arm-none-eabi/lib/thumb/v7e-m+fp/hard/libc_nano.a(libc_a-nano-vfprintf_i.o)
 .debug_frame   0x00001178       0x30 /usr/lib/gcc/arm-none-eabi/14.2.1/../../../arm-none-eabi/lib/thumb/v7e-m+fp/hard/libc_nano.a(libc_a-mlock.o)
 .debug_frame   0x000011a8       0x4c /usr/lib/gcc/arm-none-eabi/14.2.1/../../../arm-none-eabi/lib/thumb/v7e-m+fp/hard/libc_nano.a(libc_a-memchr.o)
 .debug_frame   0x000011f4       0x40 /usr/lib/gcc/arm-none-eabi/14.2.1/../../../arm-none-eabi/lib/thumb/v7e-m+fp/hard/libc_nano.a(libc_a-memmove.o)
 .debug_frame   0x00001234       0x2c /usr/lib/gcc/arm-none-eabi/14.2.1/../../../arm-none-eabi/lib/thumb/v7e-m+fp/hard/libc_nano.a(libc_a-sbrkr.o)
 .debug_frame   0x00001260       0x20 /usr/lib/gcc/arm-none-eabi/14.2.1/../../../arm-none-eabi/lib/thumb/v7e-m+fp/hard/libc_nano.a(libc_a-msizer.o)
 .debug_frame   0x00001280       0x40 /usr/lib/gcc/arm-none-eabi/14.2.1/../../../arm-none-eabi/lib/thumb/v7e-m+fp/hard/libc_nano.a(libc_a-reent.o)
 .debug_frame   0x000012c0       0x20 /usr/lib/gcc/arm-none-eabi/14.2.1/../../../arm-none-eabi/lib/thumb/v7e-m+fp/hard/libnosys.a(sbrk.o)

.debug_line_str
                0x00000000       0xa2
 .debug_line_str
                0x00000000       0xa2 /usr/lib/gcc/arm-none-eabi/14.2.1/../../../arm-none-eabi/lib/thumb/v7e-m+fp/hard/libc_nano.a(libc_a-memcpy.o)
                                 0x99 (size before relaxing)
 .debug_line_str
                0x000000a2       0x92 /usr/lib/gcc/arm-none-eabi/14.2.1/../../../arm-none-eabi/lib/thumb/v7e-m+fp/hard/libc_nano.a(libc_a-memchr.o)
